// Jest Snapshot v1, https://goo.gl/fbAQLP

exports[`<ResultItem /> Should render and match the snapshot 1`] = `
<View
  style={
    Object {
      "alignItems": "center",
      "borderBottomColor": "#eeeeee",
      "borderBottomWidth": 1,
      "flexDirection": "row",
      "justifyContent": "space-between",
      "paddingHorizontal": 17,
      "paddingVertical": 11,
    }
  }
>
  <View>
    <Text
      style={
        Object {
          "fontSize": 12,
        }
      }
    >
      AAPL
    </Text>
    <Text
      style={
        Object {
          "color": "#999999",
          "fontSize": 10,
        }
      }
    >
      test
    </Text>
  </View>
  <View
    style={
      Object {
        "alignItems": "center",
        "flexDirection": "row",
        "margin": -10,
      }
    }
  >
    <RNGestureHandlerButton
      collapsable={false}
      onGestureEvent={[Function]}
      onGestureHandlerEvent={[Function]}
      onGestureHandlerStateChange={[Function]}
      onHandlerStateChange={[Function]}
      rippleColor={0}
      style={
        Array [
          Object {
            "overflow": "hidden",
          },
          undefined,
        ]
      }
    >
      <View
        accessible={true}
        style={Object {}}
      >
        <Image
          source={1}
          style={null}
        />
      </View>
    </RNGestureHandlerButton>
    <RNGestureHandlerButton
      collapsable={false}
      onGestureEvent={[Function]}
      onGestureHandlerEvent={[Function]}
      onGestureHandlerStateChange={[Function]}
      onHandlerStateChange={[Function]}
      rippleColor={0}
      style={
        Array [
          Object {
            "overflow": "hidden",
          },
          undefined,
        ]
      }
    >
      <View
        accessible={true}
        style={
          Object {
            "marginLeft": 26,
            "padding": 10,
          }
        }
        testID="details-button"
      >
        <Image
          source={1}
          style={null}
        />
      </View>
    </RNGestureHandlerButton>
  </View>
</View>
`;
