// Jest Snapshot v1, https://goo.gl/fbAQLP

exports[`<SearchButton /> should render properly 1`] = `
<View
  accessible={true}
  focusable={true}
  isTVSelectable={true}
  onClick={[Function]}
  onResponderGrant={[Function]}
  onResponderMove={[Function]}
  onResponderRelease={[Function]}
  onResponderTerminate={[Function]}
  onResponderTerminationRequest={[Function]}
  onStartShouldSetResponder={[Function]}
  style={
    Object {
      "padding": 15,
      "paddingVertical": 10,
    }
  }
>
  <Text />
</View>
`;
