// Jest Snapshot v1, https://goo.gl/fbAQLP

exports[`<EditModeWatchListItem /> Should render properly when checkbox is checked 1`] = `
<View
  accessible={true}
  focusable={true}
  isTVSelectable={true}
  onClick={[Function]}
  onResponderGrant={[Function]}
  onResponderMove={[Function]}
  onResponderRelease={[Function]}
  onResponderTerminate={[Function]}
  onResponderTerminationRequest={[Function]}
  onStartShouldSetResponder={[Function]}
  style={null}
>
  <View
    style={
      Object {
        "alignItems": "center",
        "borderBottomColor": "#eee",
        "borderBottomWidth": 1,
        "flex": 1,
        "flexDirection": "row",
        "justifyContent": "space-between",
        "padding": 10,
      }
    }
  >
    <Text />
    <View
      style={
        Object {
          "flex": 1,
          "flexDirection": "row",
          "justifyContent": "space-between",
        }
      }
    >
      <Text
        style={
          Array [
            Object {
              "color": "#666",
              "fontSize": 12,
            },
            Object {
              "color": "#566ed3",
              "fontWeight": "bold",
            },
          ]
        }
      >
        APPL
      </Text>
    </View>
  </View>
</View>
`;

exports[`<EditModeWatchListItem /> Should render properly when checkbox is not checked 1`] = `
<View
  accessible={true}
  focusable={true}
  isTVSelectable={true}
  onClick={[Function]}
  onResponderGrant={[Function]}
  onResponderMove={[Function]}
  onResponderRelease={[Function]}
  onResponderTerminate={[Function]}
  onResponderTerminationRequest={[Function]}
  onStartShouldSetResponder={[Function]}
  style={null}
>
  <View
    style={
      Object {
        "alignItems": "center",
        "borderBottomColor": "#eee",
        "borderBottomWidth": 1,
        "flex": 1,
        "flexDirection": "row",
        "justifyContent": "space-between",
        "padding": 10,
      }
    }
  >
    <Text />
    <View
      style={
        Object {
          "flex": 1,
          "flexDirection": "row",
          "justifyContent": "space-between",
        }
      }
    >
      <Text
        style={
          Array [
            Object {
              "color": "#666",
              "fontSize": 12,
            },
            Object {
              "color": "#566ed3",
              "fontWeight": "bold",
            },
          ]
        }
      >
        APPL
      </Text>
    </View>
  </View>
</View>
`;
