// Jest Snapshot v1, https://goo.gl/fbAQLP

exports[`<EditControls /> Should render and match the snapshot 1`] = `
<View
  style={
    Object {
      "alignItems": "center",
      "flex": 1,
      "flexDirection": "row",
      "justifyContent": "space-between",
      "marginTop": 10,
    }
  }
>
  <View
    accessible={true}
    focusable={true}
    isTVSelectable={true}
    onClick={[Function]}
    onResponderGrant={[Function]}
    onResponderMove={[Function]}
    onResponderRelease={[Function]}
    onResponderTerminate={[Function]}
    onResponderTerminationRequest={[Function]}
    onStartShouldSetResponder={[Function]}
    style={
      Object {
        "borderRadius": 6,
        "paddingHorizontal": 10,
        "paddingVertical": 8,
      }
    }
  >
    <Text
      style={
        Object {
          "color": "#b40d0d",
          "fontSize": 12,
          "fontWeight": "bold",
          "textAlignVertical": "center",
        }
      }
    >
      <Text />
       0
    </Text>
  </View>
  <View
    style={
      Object {
        "flexDirection": "row",
      }
    }
  >
    <View
      accessible={true}
      focusable={true}
      isTVSelectable={true}
      onClick={[Function]}
      onResponderGrant={[Function]}
      onResponderMove={[Function]}
      onResponderRelease={[Function]}
      onResponderTerminate={[Function]}
      onResponderTerminationRequest={[Function]}
      onStartShouldSetResponder={[Function]}
      style={
        Object {
          "borderRadius": 6,
          "paddingHorizontal": 10,
          "paddingVertical": 8,
        }
      }
    >
      <Text
        style={
          Object {
            "color": "#c12424",
            "fontSize": 12,
            "fontWeight": "bold",
          }
        }
      >
         Delete WatchList
      </Text>
    </View>
    <View
      accessible={true}
      focusable={true}
      isTVSelectable={true}
      onClick={[Function]}
      onResponderGrant={[Function]}
      onResponderMove={[Function]}
      onResponderRelease={[Function]}
      onResponderTerminate={[Function]}
      onResponderTerminationRequest={[Function]}
      onStartShouldSetResponder={[Function]}
      style={
        Object {
          "borderRadius": 6,
          "paddingHorizontal": 10,
          "paddingVertical": 8,
        }
      }
      testID="editor-button"
    >
      <Text
        style={
          Object {
            "color": "#666",
            "fontSize": 12,
            "fontWeight": "bold",
          }
        }
      >
        Cancel
      </Text>
    </View>
  </View>
</View>
`;
