// Jest Snapshot v1, https://goo.gl/fbAQLP

exports[`<MainTabNavigation /> renderIcon Should render and match the snapshot 1`] = `
<Image
  source={1}
  style={
    Object {
      "tintColor": "#eee",
    }
  }
/>
`;
