// Jest Snapshot v1, https://goo.gl/fbAQLP

exports[`<NewsMappedList /> Should render properly and match the snapshot 1`] = `
Array [
  <RNGestureHandlerButton
    collapsable={false}
    onGestureEvent={[Function]}
    onGestureHandlerEvent={[Function]}
    onGestureHandlerStateChange={[Function]}
    onHandlerStateChange={[Function]}
    rippleColor={0}
    style={
      Array [
        Object {
          "overflow": "hidden",
        },
        undefined,
      ]
    }
  >
    <View
      accessible={true}
      style={
        Object {
          "borderRadius": 6,
          "marginBottom": 15,
        }
      }
    >
      <View
        accessibilityIgnoresInvertColors={true}
        style={
          Object {
            "backgroundColor": "#ccc",
            "borderRadius": 6,
            "height": 169,
            "overflow": "hidden",
          }
        }
      >
        <Image
          source={
            Object {
              "uri": "http://test.test/test.jpg",
            }
          }
          style={
            Array [
              Object {
                "bottom": 0,
                "left": 0,
                "position": "absolute",
                "right": 0,
                "top": 0,
              },
              Object {
                "height": 169,
                "width": undefined,
              },
              undefined,
            ]
          }
        />
        <ViewManagerAdapter_ExpoLinearGradient
          proxiedProperties={
            Object {
              "colors": Array [
                0,
                0,
                2281701376,
                4278190080,
              ],
              "endPoint": undefined,
              "locations": undefined,
              "startPoint": undefined,
            }
          }
          style={
            Object {
              "flex": 1,
              "justifyContent": "flex-end",
              "padding": 15,
            }
          }
        >
          <Text
            style={
              Object {
                "color": "#fff",
                "fontSize": 12,
              }
            }
          >
            1/10/2020, 12:46:05 PM
          </Text>
          <Text
            style={
              Object {
                "color": "#fff",
                "fontSize": 14,
                "fontWeight": "bold",
                "lineHeight": 20,
              }
            }
          >
            headline
          </Text>
        </ViewManagerAdapter_ExpoLinearGradient>
      </View>
    </View>
  </RNGestureHandlerButton>,
  <RNGestureHandlerButton
    collapsable={false}
    onGestureEvent={[Function]}
    onGestureHandlerEvent={[Function]}
    onGestureHandlerStateChange={[Function]}
    onHandlerStateChange={[Function]}
    rippleColor={0}
    style={
      Array [
        Object {
          "overflow": "hidden",
        },
        undefined,
      ]
    }
  >
    <View
      accessible={true}
      style={
        Object {
          "borderRadius": 6,
        }
      }
    >
      <View
        accessibilityIgnoresInvertColors={true}
        style={
          Object {
            "backgroundColor": "#ccc",
            "borderRadius": 6,
            "height": 169,
            "overflow": "hidden",
          }
        }
      >
        <Image
          source={
            Object {
              "uri": "http://test.test/test.jpg",
            }
          }
          style={
            Array [
              Object {
                "bottom": 0,
                "left": 0,
                "position": "absolute",
                "right": 0,
                "top": 0,
              },
              Object {
                "height": 169,
                "width": undefined,
              },
              undefined,
            ]
          }
        />
        <ViewManagerAdapter_ExpoLinearGradient
          proxiedProperties={
            Object {
              "colors": Array [
                0,
                0,
                2281701376,
                4278190080,
              ],
              "endPoint": undefined,
              "locations": undefined,
              "startPoint": undefined,
            }
          }
          style={
            Object {
              "flex": 1,
              "justifyContent": "flex-end",
              "padding": 15,
            }
          }
        >
          <Text
            style={
              Object {
                "color": "#fff",
                "fontSize": 12,
              }
            }
          >
            1/10/2020, 12:46:05 PM
          </Text>
          <Text
            style={
              Object {
                "color": "#fff",
                "fontSize": 14,
                "fontWeight": "bold",
                "lineHeight": 20,
              }
            }
          >
            headline
          </Text>
        </ViewManagerAdapter_ExpoLinearGradient>
      </View>
    </View>
  </RNGestureHandlerButton>,
]
`;
