// Jest Snapshot v1, https://goo.gl/fbAQLP

exports[`<NewsWebView /> Should render ProgressBar and match the snapshot 1`] = `
<ProgressBar
  progress={0}
/>
`;

exports[`<NewsWebView /> Should render properly and match the snapshot 1`] = `
<View
  style={
    Array [
      Object {
        "flex": 1,
        "overflow": "hidden",
      },
      undefined,
    ]
  }
>
  <RNCWebView
    cacheEnabled={true}
    javaScriptEnabled={true}
    messagingEnabled={false}
    onContentProcessDidTerminate={[Function]}
    onHttpError={[Function]}
    onLoadProgress={[Function]}
    onLoadingError={[Function]}
    onLoadingFinish={[Function]}
    onLoadingProgress={[Function]}
    onLoadingStart={[Function]}
    onMessage={[Function]}
    onShouldStartLoadWithRequest={[Function]}
    source={
      Object {
        "uri": Object {
          "uri": "test uri",
        },
      }
    }
    startInLoadingState={true}
    style={
      Array [
        Object {
          "flex": 1,
          "overflow": "hidden",
        },
        Object {
          "backgroundColor": "#ffffff",
        },
        undefined,
      ]
    }
    useSharedProcessPool={true}
  />
  <ProgressBar
    progress={0}
  />
</View>
`;
